The following symbols are undefined:
_end
_buffer

