Let's start!
5
5 5 1 6 140 
step 1:
4 4 5 139 5 
step 2:
3 3 4 138 4 5 
step 3:
2 2 3 137 3 4 6 
step 4:
1 1 2 136 2 3 5 7 
step 5:
1 135 1 2 4 6 8 
step 6:
134 1 3 5 7 7 
step 7:
133 2 4 6 6 6 